<!DOCTYPE html><meta charset="utf-8"><title>foo</title><body><p>bar</p>
