<!DOCTYPE html><meta charset="utf-8"><title>baz</title><body><p>qux</p>
